
    -----------------------------------------------------------------------
          Psi4: An Open-Source Ab Initio Electronic Structure Package
                               Psi4 1.9.1 release

                         Git: Rev {} zzzzzzz 


    D. G. A. Smith, L. A. Burns, A. C. Simmonett, R. M. Parrish,
    M. C. Schieber, R. Galvelis, P. Kraus, H. Kruse, R. Di Remigio,
    A. Alenaizan, A. M. James, S. Lehtola, J. P. Misiewicz, M. Scheurer,
    R. A. Shaw, J. B. Schriber, Y. Xie, Z. L. Glick, D. A. Sirianni,
    J. S. O'Brien, J. M. Waldrop, A. Kumar, E. G. Hohenstein,
    B. P. Pritchard, B. R. Brooks, H. F. Schaefer III, A. Yu. Sokolov,
    K. Patkowski, A. E. DePrince III, U. Bozkaya, R. A. King,
    F. A. Evangelista, J. M. Turney, T. D. Crawford, C. D. Sherrill,
    J. Chem. Phys. 152(18) 184108 (2020). https://doi.org/10.1063/5.0006002

                            Additional Code Authors
    E. T. Seidl, C. L. Janssen, E. F. Valeev, M. L. Leininger,
    J. F. Gonthier, R. M. Richard, H. R. McAlexander, M. Saitow, X. Wang,
    P. Verma, M. H. Lechner, A. Jiang, S. Behnle, A. G. Heide,
    M. F. Herbst, and D. L. Poole

             Previous Authors, Complete List of Code Contributors,
                       and Citations for Specific Modules
    https://github.com/psi4/psi4/blob/master/codemeta.json
    https://github.com/psi4/psi4/graphs/contributors
    http://psicode.org/psi4manual/master/introduction.html#citing-psifour

    -----------------------------------------------------------------------


    Psi4 started on: Wednesday, 24 April 2024 02:48PM

    Process ID: 13098
    Host:       sydong
    PSIDATADIR: /home/sydong/miniconda3/envs/p4env/share/psi4
    Memory:     500.0 MiB
    Threads:    1
      Threads set to 10 by Python driver.

  Memory set to   2.794 GiB by Python driver.

Scratch directory: /tmp/
   => Libint2 <=

    Primary   basis highest AM E, G, H:  5, 4, 3
    Auxiliary basis highest AM E, G, H:  6, 5, 4
    Onebody   basis highest AM E, G, H:  6, 5, 4
    Solid Harmonics ordering:            Gaussian

*** tstart() called on sydong
*** at Wed Apr 24 14:48:31 2024

   => Loading Basis Set <=

    Name: 6-31G
    Role: ORBITAL
    Keyword: BASIS
    atoms 1-2 entry N          line   102 file /home/sydong/miniconda3/envs/p4env/share/psi4/basis/6-31g.gbs 


         ---------------------------------------------------------
                                   SCF
               by Justin Turney, Rob Parrish, Andy Simmonett
                          and Daniel G. A. Smith
                              RHF Reference
                       10 Threads,   2861 MiB Core
         ---------------------------------------------------------

  ==> Geometry <==

    Molecular point group: d2h
    Full point group: D_inf_h

    Geometry (in Angstrom), charge = 0, multiplicity = 1:

       Center              X                  Y                   Z               Mass       
    ------------   -----------------  -----------------  -----------------  -----------------
         N            0.000000000000     0.000000000000    -0.550000000000    14.003074004430
         N            0.000000000000     0.000000000000     0.550000000000    14.003074004430

  Running in d2h symmetry.

  Rotational constants: A = ************  B =      1.98984  C =      1.98984 [cm^-1]
  Rotational constants: A = ************  B =  59653.84489  C =  59653.84489 [MHz]
  Nuclear repulsion =   23.572439384390908

  Charge       = 0
  Multiplicity = 1
  Electrons    = 14
  Nalpha       = 7
  Nbeta        = 7

  ==> Algorithm <==

  SCF Algorithm Type is PK.
  DIIS enabled.
  MOM disabled.
  Fractional occupation disabled.
  Guess Type is SAD.
  Energy threshold   = 1.00e-12
  Density threshold  = 1.00e-08
  Integral threshold = 1.00e-12

  ==> Primary Basis <==

  Basis Set: 6-31G
    Blend: 6-31G
    Number of shells: 10
    Number of basis functions: 18
    Number of Cartesian functions: 18
    Spherical Harmonics?: false
    Max angular momentum: 1

  ==> Integral Setup <==

  Using in-core PK algorithm.
   Calculation information:
      Number of atoms:                   2
      Number of AO shells:              10
      Number of primitives:             28
      Number of atomic orbitals:        18
      Number of basis functions:        18

      Integral cutoff                 1.00e-12
      Number of threads:                10

  Performing in-core PK
  Using 29412 doubles for integral storage.
  We computed 4154 shell quartets total.
  Whereas there are 1540 unique shell quartets.
   169.74 percent of shell quartets recomputed by reordering.

  ==> DiskJK: Disk-Based J/K Matrices <==

    J tasked:                  Yes
    K tasked:                  Yes
    wK tasked:                  No
    Memory [MiB]:             2145
    Schwarz Cutoff:          1E-12

    OpenMP threads:             10

  Minimum eigenvalue in the overlap matrix is 1.4896792601E-02.
  Reciprocal condition number of the overlap matrix is 5.0517722279E-03.
    Using symmetric orthogonalization.

  ==> Pre-Iterations <==

  SCF Guess: Superposition of Atomic Densities via on-the-fly atomic UHF (no occupation information).

   -------------------------
    Irrep   Nso     Nmo    
   -------------------------
     Ag         5       5 
     B1g        0       0 
     B2g        2       2 
     B3g        2       2 
     Au         0       0 
     B1u        5       5 
     B2u        2       2 
     B3u        2       2 
   -------------------------
    Total      18      18
   -------------------------

  ==> Iterations <==

                        Total Energy        Delta E     RMS |[F,P]|

   @RHF iter SAD:  -108.05840575690003   -1.08058e+02   0.00000e+00 
   @RHF iter   1:  -108.86039484885896   -8.01989e-01   1.27146e-02 ADIIS/DIIS
   @RHF iter   2:  -108.86720008397222   -6.80524e-03   2.79346e-03 ADIIS/DIIS
   @RHF iter   3:  -108.86760896398704   -4.08880e-04   4.46599e-04 ADIIS/DIIS
   @RHF iter   4:  -108.86761809227106   -9.12828e-06   7.17622e-05 DIIS
   @RHF iter   5:  -108.86761836278856   -2.70518e-07   1.38593e-05 DIIS
   @RHF iter   6:  -108.86761837301344   -1.02249e-08   4.26241e-07 DIIS
   @RHF iter   7:  -108.86761837302143   -7.98650e-12   1.90020e-08 DIIS
   @RHF iter   8:  -108.86761837302139    4.26326e-14   1.63979e-09 DIIS
  Energy and wave function converged.


  ==> Post-Iterations <==

    Orbital Energies [Eh]
    ---------------------

    Doubly Occupied:                                                      

       1Ag   -15.718623     1B1u  -15.715262     2Ag    -1.525346  
       2B1u   -0.775804     3Ag    -0.629380     1B2u   -0.621235  
       1B3u   -0.621235  

    Virtual:                                                              

       1B3g    0.149789     1B2g    0.149789     3B1u    0.588291  
       4Ag     0.787286     2B2u    0.848179     2B3u    0.848179  
       5Ag     0.944250     2B3g    1.009518     2B2g    1.009518  
       4B1u    1.151183     5B1u    1.567432  

    Final Occupation by Irrep:
             Ag   B1g   B2g   B3g    Au   B1u   B2u   B3u 
    DOCC [     3,    0,    0,    0,    0,    2,    1,    1 ]
    NA   [     3,    0,    0,    0,    0,    2,    1,    1 ]
    NB   [     3,    0,    0,    0,    0,    2,    1,    1 ]

  @RHF Final Energy:  -108.86761837302139

   => Energetics <=

    Nuclear Repulsion Energy =             23.5724393843909077
    One-Electron Energy =                -193.6663466426021500
    Two-Electron Energy =                  61.2262888851898452
    Total Energy =                       -108.8676183730213864

Computation Completed


Properties will be evaluated at   0.000000,   0.000000,   0.000000 [a0]

Properties computed using the SCF density matrix


 Multipole Moments:

 ------------------------------------------------------------------------------------
     Multipole            Electronic (a.u.)      Nuclear  (a.u.)        Total (a.u.)
 ------------------------------------------------------------------------------------

 L = 1.  Multiply by 2.5417464519 to convert [e a0] to [Debye]
 Dipole X            :          0.0000000            0.0000000            0.0000000
 Dipole Y            :          0.0000000            0.0000000            0.0000000
 Dipole Z            :          0.0000000            0.0000000            0.0000000
 Magnitude           :                                                    0.0000000

 ------------------------------------------------------------------------------------

*** tstop() called on sydong at Wed Apr 24 14:48:31 2024
Module time:
	user time   =       3.42 seconds =       0.06 minutes
	system time =       0.22 seconds =       0.00 minutes
	total time  =          0 seconds =       0.00 minutes
Total time:
	user time   =       3.42 seconds =       0.06 minutes
	system time =       0.22 seconds =       0.00 minutes
	total time  =          0 seconds =       0.00 minutes

Scratch directory: /tmp/

  Forte
  ----------------------------------------------------------------------------
  A suite of quantum chemistry methods for strongly correlated electrons

    git branch: block - git commit: a130bcaf

  Developed by:
    Francesco A. Evangelista, Chenyang Li, Kevin P. Hannon,
    Jeffrey B. Schriber, Tianyuan Zhang, Chenxi Cai,
    Nan He, Nicholas Stair, Shuhe Wang, Renke Huang
  ----------------------------------------------------------------------------

  Forte will use options passed as a dictionary. Option read from psi4 will be ignored


  Preparing forte objects from a Psi4 Wavefunction object
  Read options for space RESTRICTED_DOCC
  Read options for space ACTIVE
  Read options for space RESTRICTED_DOCC

  ==> MO Space Information <==

  -------------------------------------------------------------------------
                       Ag   B1g   B2g   B3g    Au   B1u   B2u   B3u   Sum
  -------------------------------------------------------------------------
    FROZEN_DOCC         0     0     0     0     0     0     0     0     0
    RESTRICTED_DOCC     2     0     0     0     0     2     0     0     4
    GAS1                1     0     1     1     0     1     1     1     6
    GAS2                0     0     0     0     0     0     0     0     0
    GAS3                0     0     0     0     0     0     0     0     0
    GAS4                0     0     0     0     0     0     0     0     0
    GAS5                0     0     0     0     0     0     0     0     0
    GAS6                0     0     0     0     0     0     0     0     0
    RESTRICTED_UOCC     2     0     1     1     0     2     1     1     8
    FROZEN_UOCC         0     0     0     0     0     0     0     0     0
    Total               5     0     2     2     0     5     2     2    18
  -------------------------------------------------------------------------   => Loading Basis Set <=

    Name: 6-31G
    Role: ORBITAL
    Keyword: BASIS
    atoms 1-2 entry N          line   102 file /home/sydong/miniconda3/envs/p4env/share/psi4/basis/6-31g.gbs 


  Checking orbital orthonormality against current geometry ... Done (OK)

   => Loading Basis Set <=

    Name: STO-3G
    Role: ORBITAL
    Keyword: MINAO_BASIS
    atoms 1-2 entry N          line    71 file /home/sydong/miniconda3/envs/p4env/share/psi4/basis/sto-3g.gbs 


  State Singlet (Ms = 0) Ag GAS min: 0 0 0 0 0 0 ; GAS max: 12 0 0 0 0 0 ; weights:
      1.000000000000
  Forte will use psi4 integrals

  ==> Primary Basis Set Summary <==

  Basis Set: 6-31G
    Blend: 6-31G
    Number of shells: 10
    Number of basis functions: 18
    Number of Cartesian functions: 18
    Spherical Harmonics?: false
    Max angular momentum: 1


  JK created using conventional PK integrals
  Using in-core PK algorithm.
   Calculation information:
      Number of atoms:                   2
      Number of AO shells:              10
      Number of primitives:             28
      Number of atomic orbitals:        18
      Number of basis functions:        18

      Integral cutoff                 1.00e-12
      Number of threads:                10

  Performing in-core PK
  Using 29412 doubles for integral storage.
  We computed 4154 shell quartets total.
  Whereas there are 1540 unique shell quartets.
   169.74 percent of shell quartets recomputed by reordering.

  ==> DiskJK: Disk-Based J/K Matrices <==

    J tasked:                  Yes
    K tasked:                  Yes
    wK tasked:                  No
    Memory [MiB]:             2288
    Schwarz Cutoff:          1E-12

    OpenMP threads:             10



  ==> Integral Transformation <==

  Number of molecular orbitals:                         18
  Number of correlated molecular orbitals:              18
  Number of frozen occupied orbitals:                    0
  Number of frozen unoccupied orbitals:                  0
  Two-electron integral type:                 Conventional


  Computing Conventional Integrals	Presorting SO-basis two-electron integrals.
	Sorting File: SO Ints (nn|nn) nbuckets = 1
	Constructing frozen core operators
	Starting first half-transformation.
	Sorting half-transformed integrals.
	First half integral transformation complete.
	Starting second half-transformation.
	Two-electron integral transformation complete.

  Integral transformation done. 0.01582065 s
  Reading the two-electron integrals from disk
  Size of two-electron integrals:   0.002346 GB
  Timing for conventional integral transformation:            0.065 s.
  Timing for freezing core and virtual orbitals:              0.000 s.
  Timing for computing conventional integrals:                0.066 s.

  ==> String Lists <==

    --------------------------------------------------------
    number of alpha electrons                              3
    number of beta electrons                               3
    number of alpha strings                               20
    number of beta strings                                20
    --------------------------------------------------------

  ==> FCI Solver <==

    --------------------------------------------------------
    Spin adapt                                         FALSE
    Number of determinants                                56
    Symmetry                                               0
    Multiplicity                                           1
    Number of roots                                        1
    Target root                                            0
    --------------------------------------------------------
  Initial guess space is incomplete.
  Adding 1 determinant(s).

  ==> Initial Guess <==

  Initial guess determinants:         51

  Classification of the initial guess solutions

  Number   2S+1   Selected
  ------------------------
    27       1       *
    18       3        
     6       5        
  ------------------------

    Spin    Root           Energy        <S^2>    Status
  -------------------------------------------------------
   singlet    0     -108.946978859821  -0.000000  added
  -------------------------------------------------------

  ==> Davidson-Liu Solver <==

    --------------------------------------------------------
    Print level                                      Default
    Energy convergence threshold                   1.000e-08
    Residual convergence threshold                 1.000e-07
    Schmidt orthogonality threshold                1.000e-12
    Schmidt discard threshold                      1.000e-07
    Size of the space                                     56
    Number of roots                                        1
    Maximum number of iterations                         100
    Collapse subspace size                                 2
    Maximum subspace size                                 10
    --------------------------------------------------------

  Davidson-Liu solver: adding 1 guess vectors
  Iteration     Average Energy            max(∆E)            max(Residual)  Vectors
  ---------------------------------------------------------------------------------
       0     -108.946978859821      108.946978859821        0.009448103004      1
       1     -108.947010127238        0.000031267416        0.001302449884      2
       2     -108.947010674045        0.000000546807        0.000190663575      3
       3     -108.947010691622        0.000000017576        0.000062407997      4
       4     -108.947010693413        0.000000001791        0.000012242253      5
       5     -108.947010693492        0.000000000079        0.000002054864      6
       6     -108.947010693494        0.000000000002        0.000000256903      7
       7     -108.947010693494        0.000000000000        0.000000023720      8
  ---------------------------------------------------------------------------------

  ==> Root No. 0 <==

    2 0 0 0 2 2      0.96893172
    2 0 2 0 0 2     -0.12858743
    2 2 0 0 2 0     -0.12858743
    2 a b 0 a b      0.08391989
    2 b a 0 b a      0.08391989
    2 b b 0 a a      0.05623225
    2 a a 0 b b      0.05623225
    2 2 2 0 0 0      0.03902995
    0 2 0 0 2 2     -0.03563844
    0 0 2 0 2 2     -0.03563844
    2 a b 0 b a      0.02768767
    2 b a 0 a b      0.02768767
    2 0 2 0 2 0     -0.01697985
    2 2 0 0 0 2     -0.01697985
    a b 0 b 2 a      0.01360460
    b a 0 a 2 b      0.01360460
    b 0 a a b 2     -0.01360460
    a 0 b b a 2     -0.01360460
    0 0 0 2 2 2     -0.01195068

    Total Energy:    -108.947010693494, <S^2>: 0.000000
    Time for FCI:       0.068879767000

  ==> Energy Summary <==

    Multi.(2ms)  Irrep.  No.               Energy      <S^2>
    --------------------------------------------------------
       1  (  0)    Ag     0     -108.947010693494   0.000000
    --------------------------------------------------------

  ==> Natural Orbitals <==

        1Ag     1.993244      1B3u    1.940504      1B2u    1.940504  
        1B3g    0.062034      1B2g    0.062034      1B1u    0.001680  


  ==> Dipole Moments [e a0] (Nuclear + Electronic) for Singlet (Ms = 0) Ag <==

       State           DM_X           DM_Y           DM_Z           |DM|
    --------------------------------------------------------------------
         0AG     0.00000000     0.00000000    -0.00000000     0.00000000
    --------------------------------------------------------------------
     Nuclear     0.00000000     0.00000000     0.00000000     0.00000000
    --------------------------------------------------------------------

  ==> Natural Orbitals <==

        1Ag     1.993244      1B3u    1.940504      1B2u    1.940504  
        1B3g    0.062034      1B2g    0.062034      1B1u    0.001680  


  ==> Quadrupole Moments [e a0^2] (Nuclear + Electronic) for Singlet (Ms = 0) Ag <==

       State          QM_XX          QM_XY          QM_XZ          QM_YY          QM_YZ          QM_ZZ
    --------------------------------------------------------------------------------------------------
         0AG    -7.69015359     0.00000000     0.00000000    -7.69015359     0.00000000    -9.48765908
    --------------------------------------------------------------------------------------------------
     Nuclear     0.00000000     0.00000000     0.00000000     0.00000000     0.00000000    15.12345955
    --------------------------------------------------------------------------------------------------

  ==> Natural Orbitals <==

        1Ag     1.993244      1B3u    1.940504      1B2u    1.940504  
        1B3g    0.062034      1B2g    0.062034      1B1u    0.001680  


  ==> Semicanonicalize Orbitals <==

    MIX INACTIVE ORBITALS         FALSE
    MIX GAS ACTIVE ORBITALS       FALSE
    FROZEN_DOCC                   CANONICAL
    FROZEN_UOCC                   CANONICAL
    GAS1                          CANONICAL
    RESTRICTED_DOCC               CANONICAL
    RESTRICTED_UOCC               CANONICAL

    Off-Diag. Elements       Max           2-Norm
    ------------------------------------------------
    GAS1                 0.0000000000   0.0000000000
    RESTRICTED_DOCC      0.0001671489   0.0002578997
    RESTRICTED_UOCC      0.0022840139   0.0037871042
    ------------------------------------------------

    Canonicalization test failed

  Integrals are about to be updated.
  Computing Conventional Integrals	Presorting SO-basis two-electron integrals.
	Sorting File: SO Ints (nn|nn) nbuckets = 1
	Constructing frozen core operators
	Starting first half-transformation.
	Sorting half-transformed integrals.
	First half integral transformation complete.
	Starting second half-transformation.
	Two-electron integral transformation complete.

  Integral transformation done. 0.01025676 s
  Reading the two-electron integrals from disk
  Size of two-electron integrals:   0.002346 GB
  Timing for conventional integral transformation:            0.049 s.
  Timing for freezing core and virtual orbitals:              0.000 s.
  Integrals update took     0.050 s.
  Timing for orbital canonicalization:                        0.052 s.

  ==> Multireference Driven Similarity Renormalization Group <==

    Computing Fock matrix and cleaning JK ........... Done
    Reading DSRG options ............................ Done
    Setting ambit MO space .......................... Done
    Preparing tensors for density cumulants ......... Done
    Filling Fock matrix from ForteIntegrals ......... Done

           ----------------------------------------------------------
             Multireference Driven Similarity Renormalization Group
                   written by Chenyang Li and Tianyuan Zhang
           ----------------------------------------------------------


  ==> Density Cumulant Summary <==

    2-body             AA           AB           BB
    -----------------------------------------------
    max          0.056800     0.130007     0.056800
    norm         0.198451     0.334795     0.198451
    -----------------------------------------------
    3-body            AAA          AAB          ABB          BBB
    ------------------------------------------------------------
    max          0.003617     0.016212     0.016212     0.003617
    norm         0.046200     0.111013     0.111013     0.046200
    ------------------------------------------------------------

  ==> Checking Semicanonical Orbitals <==

    Block             Fa Max         Fa Mean           Fb Max         Fb Mean
    -------------------------------------------------------------------------
    CORE        0.0000000000    0.0000000000     0.0000000000    0.0000000000
    VIRTUAL     0.0000000000    0.0000000000     0.0000000000    0.0000000000
    GAS1        0.0000000000    0.0000000000     0.0000000000    0.0000000000
    -------------------------------------------------------------------------
    Orbitals are semi-canonicalized.

  ==> Calculation Information <==

    --------------------------------------------------------
    Correlation level                                 LDSRG2
    Integral type                               CONVENTIONAL
    Source operator                                 STANDARD
    Adaptive DSRG flow type                           DSRG_S
    Reference relaxation                                NONE
    DSRG transformation type                         UNITARY
    Core-Virtual source type                          NORMAL
    T1 amplitudes initial guess                          PT2
    Restart amplitudes                                  TRUE
    Sequential DSRG transformation                     FALSE
    Omit blocks of >= 3 virtual indices                FALSE
    Read amplitudes from current dir                    TRUE
    Write amplitudes to current dir                    FALSE
    Flow parameter                                 1.000e+00
    Taylor expansion threshold                     1.000e-03
    Intruder amplitudes threshold                  1.000e-01
    Number of T amplitudes                                15
    DIIS start                                             1
    Min DIIS vectors                                       3
    Max DIIS vectors                                       8
    DIIS extrapolating freq                                1
    --------------------------------------------------------
  =>** Before self.dsrg_solver.compute_energy() **<=


  ==> Build Initial Amplitudes Guesses <==

    Computing T2 amplitudes ...          Done. Timing      0.007 s
    Computing T1 amplitudes ...          Done. Timing      0.003 s

  ==> Initial Excitation Amplitudes Summary <==

    Active Indices:    2    5    7   11   14   16 
    Largest T1 amplitudes for spin case A:
       i       a                  i       a                  i       a               
    --------------------------------------------------------------------------------
    [  7       8    ] 0.002318 [  5       6    ] 0.002318 [  1       2    ]-0.001609 
    [ 10      11    ] 0.001421 [ 11      13    ] 0.001370 [ 11      12    ] 0.000991 
    [  2       3    ] 0.000947 [  1       3    ]-0.000835 [ 10      12    ] 0.000654 
    [  1       4    ] 0.000513 [ 10      13    ] 0.000477 [  2       4    ] 0.000226 
    [ 16      17    ] 0.000187 [ 14      15    ] 0.000187 [  9      12    ]-0.000050 
    --------------------------------------------------------------------------------
    Norm of T1A vector: (nonzero elements: 20)                    0.004567243691282.
    --------------------------------------------------------------------------------
    Largest T1 amplitudes for spin case B:
       _       _                  _       _                  _       _               
       i       a                  i       a                  i       a               
    --------------------------------------------------------------------------------
    [  7       8    ] 0.002318 [  5       6    ] 0.002318 [  1       2    ]-0.001609 
    [ 10      11    ] 0.001421 [ 11      13    ] 0.001370 [ 11      12    ] 0.000991 
    [  2       3    ] 0.000947 [  1       3    ]-0.000835 [ 10      12    ] 0.000654 
    [  1       4    ] 0.000513 [ 10      13    ] 0.000477 [  2       4    ] 0.000226 
    [ 16      17    ] 0.000187 [ 14      15    ] 0.000187 [  9      12    ]-0.000050 
    --------------------------------------------------------------------------------
    Norm of T1B vector: (nonzero elements: 20)                    0.004567243691282.
    --------------------------------------------------------------------------------
    Largest T2 amplitudes for spin case AA:
       i   j   a   b              i   j   a   b              i   j   a   b           
    --------------------------------------------------------------------------------
    [  5  14   6  14]-0.069754 [  7  16   8  16]-0.069754 [  2   5   2   6]-0.067260 
    [  2   7   2   8]-0.067260 [ 10  16   2   5]-0.063460 [ 10  14   2   7]-0.063460 
    [  5   7   5   8]-0.059391 [  5   7   6   7]-0.059391 [  2  14   2  15]-0.059281 
    [  2  16   2  17]-0.059281 [ 14  16  15  16]-0.057789 [ 14  16  14  17]-0.057789 
    [  2   5  12  16] 0.054560 [  2   7  12  14] 0.054560 [  5  10   2  16]-0.052839 
    --------------------------------------------------------------------------------
    Norm of T2AA vector: (nonzero elements: 2136)                 0.776130797601597.
    --------------------------------------------------------------------------------
    Largest T2 amplitudes for spin case AB:
           _       _                  _       _                  _       _           
       i   j   a   b              i   j   a   b              i   j   a   b           
    --------------------------------------------------------------------------------
    [ 10  16   2   5]-0.086864 [ 10  14   2   7]-0.086864 [  7  14   8  14]-0.080849 
    [  5  16   6  16]-0.080849 [  5  14   6  14]-0.073623 [  7  16   8  16]-0.073623 
    [  2   5   2   6]-0.070352 [  2   7   2   8]-0.070352 [  5   5   5   6]-0.066541 
    [  7   7   7   8]-0.066541 [ 14  14  14  15]-0.063574 [ 16  16  16  17]-0.063574 
    [  2  14   2  15]-0.062807 [  2  16   2  17]-0.062807 [  5   7   5   8]-0.061774 
    --------------------------------------------------------------------------------
    Norm of T2AB vector: (nonzero elements: 2608)                 0.743817935900133.
    --------------------------------------------------------------------------------
    Largest T2 amplitudes for spin case BB:
       _   _   _   _              _   _   _   _              _   _   _   _           
       i   j   a   b              i   j   a   b              i   j   a   b           
    --------------------------------------------------------------------------------
    [  5  14   6  14]-0.069754 [  7  16   8  16]-0.069754 [  2   5   2   6]-0.067260 
    [  2   7   2   8]-0.067260 [ 10  16   2   5]-0.063460 [ 10  14   2   7]-0.063460 
    [  5   7   5   8]-0.059391 [  5   7   6   7]-0.059391 [  2  14   2  15]-0.059281 
    [  2  16   2  17]-0.059281 [ 14  16  15  16]-0.057789 [ 14  16  14  17]-0.057789 
    [  2   5  12  16] 0.054560 [  2   7  12  14] 0.054560 [  5  10   2  16]-0.052839 
    --------------------------------------------------------------------------------
    Norm of T2BB vector: (nonzero elements: 2136)                 0.776130797601597.
    --------------------------------------------------------------------------------

  ==> Possible Intruders <==

    T1 amplitudes larger than 0.1000 for spin case A: NULL
    T1 amplitudes larger than 0.1000 for spin case B: NULL
    T2 amplitudes larger than 0.1000 for spin case AA: NULL
    T2 amplitudes larger than 0.1000 for spin case AB: NULL
    T2 amplitudes larger than 0.1000 for spin case BB: NULL

  ==> Computing MR-LDSRG(2) Energy <==

    Reference:
      J. Chem. Phys. 2016, 144, 164114.

                  Energy (a.u.)           Non-Diagonal Norm        Amplitude RMS         Timings (s)
           ---------------------------  ---------------------  ---------------------  -----------------
    Iter.        Corr.         Delta       Hbar1      Hbar2        T1         T2        Hbar     Amp.    DIIS
    ---------------------------------------------------------------------------------------------------------
    Warning! Hbar is not converged in   4-nested commutators!
    Please increase DSRG_RSC_NCOMM.
       1    -0.145973475449 -1.460e-01   1.137e-01  7.419e-01   4.527e-02  4.120e-01     7.636    0.046  S
    Warning! Hbar is not converged in   4-nested commutators!
    Please increase DSRG_RSC_NCOMM.
       2    -0.153374098572 -7.401e-03   3.122e-02  9.208e-01   7.795e-03  6.787e-02     9.711    0.045  S
    Warning! Hbar is not converged in   4-nested commutators!
    Please increase DSRG_RSC_NCOMM.
       3    -0.153820915674 -4.468e-04   4.288e-02  8.547e-01   3.142e-03  1.746e-02    10.560    0.049  S/E
    Warning! Hbar is not converged in   4-nested commutators!
    Please increase DSRG_RSC_NCOMM.
       4    -0.153840840825 -1.993e-05   3.920e-02  8.612e-01   4.512e-04  3.922e-03     8.824    0.051  S/E
    Warning! Hbar is not converged in   4-nested commutators!
    Please increase DSRG_RSC_NCOMM.
       5    -0.153827179395  1.366e-05   3.899e-02  8.612e-01   6.277e-05  8.048e-04     8.983    0.044  S/E
    Warning! Hbar is not converged in   4-nested commutators!
    Please increase DSRG_RSC_NCOMM.
       6    -0.153826558926  6.205e-07   3.903e-02  8.612e-01   2.653e-05  2.450e-04     9.341    0.050  S/E
    Warning! Hbar is not converged in   4-nested commutators!
    Please increase DSRG_RSC_NCOMM.
       7    -0.153827112395 -5.535e-07   3.901e-02  8.612e-01   7.943e-06  6.490e-05     8.998    0.048  S/E
    Warning! Hbar is not converged in   4-nested commutators!
    Please increase DSRG_RSC_NCOMM.
       8    -0.153827071308  4.109e-08   3.901e-02  8.612e-01   1.792e-06  1.531e-05     8.671    0.048  S/E
    Warning! Hbar is not converged in   4-nested commutators!
    Please increase DSRG_RSC_NCOMM.
       9    -0.153826953257  1.181e-07   3.901e-02  8.612e-01   6.560e-07  3.704e-06     8.584    0.047  S/E
    Warning! Hbar is not converged in   4-nested commutators!
    Please increase DSRG_RSC_NCOMM.
      10    -0.153826925593  2.766e-08   3.901e-02  8.612e-01   1.270e-07  8.240e-07     8.534    0.049  S/E
    Warning! Hbar is not converged in   4-nested commutators!
    Please increase DSRG_RSC_NCOMM.
      11    -0.153826922801  2.792e-09   3.901e-02  8.612e-01   2.148e-08  2.041e-07     9.058    0.048  S/E
    Warning! Hbar is not converged in   4-nested commutators!
    Please increase DSRG_RSC_NCOMM.
      12    -0.153826922445  3.563e-10   3.901e-02  8.612e-01   5.639e-09  4.769e-08     9.277    0.044  S/E
    ---------------------------------------------------------------------------------------------------------

  ==> MR-LDSRG(2) Energy Summary <==

    E0 (reference)                 =    -108.947010693494263
    MR-LDSRG(2) correlation energy =      -0.153826922445222
    MR-LDSRG(2) total energy       =    -109.100837615939483

  ==> Final Excitation Amplitudes Summary <==

    Active Indices:    2    5    7   11   14   16 
    Largest T1 amplitudes for spin case A:
       i       a                  i       a                  i       a               
    --------------------------------------------------------------------------------
    [  2       4    ]-0.015699 [  7       8    ] 0.014656 [  5       6    ] 0.014656 
    [  1       2    ]-0.011072 [ 11      13    ] 0.010525 [ 10      12    ] 0.009978 
    [ 16      17    ] 0.009451 [ 14      15    ] 0.009451 [ 10      13    ] 0.004347 
    [ 10      11    ] 0.003282 [  2       3    ]-0.003252 [  1       4    ]-0.001998 
    [ 11      12    ]-0.001802 [  0       2    ]-0.000283 [  0       4    ]-0.000241 
    --------------------------------------------------------------------------------
    Norm of T1A vector: (nonzero elements: 20)                    0.035146727431836.
    --------------------------------------------------------------------------------
    Largest T1 amplitudes for spin case B:
       _       _                  _       _                  _       _               
       i       a                  i       a                  i       a               
    --------------------------------------------------------------------------------
    [  2       4    ]-0.015699 [  7       8    ] 0.014656 [  5       6    ] 0.014656 
    [  1       2    ]-0.011072 [ 11      13    ] 0.010525 [ 10      12    ] 0.009978 
    [ 16      17    ] 0.009451 [ 14      15    ] 0.009451 [ 10      13    ] 0.004347 
    [ 10      11    ] 0.003282 [  2       3    ]-0.003252 [  1       4    ]-0.001998 
    [ 11      12    ]-0.001802 [  0       2    ]-0.000283 [  0       4    ]-0.000241 
    --------------------------------------------------------------------------------
    Norm of T1B vector: (nonzero elements: 20)                    0.035146727431836.
    --------------------------------------------------------------------------------
    Largest T2 amplitudes for spin case AA:
       i   j   a   b              i   j   a   b              i   j   a   b           
    --------------------------------------------------------------------------------
    [  2  14   2  15]-0.048882 [  2  16   2  17]-0.048882 [ 14  16  15  16]-0.047876 
    [ 14  16  14  17]-0.047876 [  7  16   8  16]-0.046270 [  5  14   6  14]-0.046270 
    [  5  14   5  15]-0.043419 [  7  16   7  17]-0.043419 [  2  10   2  11]-0.043058 
    [  2   7   2   8]-0.042244 [  2   5   2   6]-0.042244 [  2   5  12  16] 0.041109 
    [  2   7  12  14] 0.041109 [ 11  14  13  14]-0.037661 [ 11  16  13  16]-0.037661 
    --------------------------------------------------------------------------------
    Norm of T2AA vector: (nonzero elements: 2136)                 0.597966969555729.
    --------------------------------------------------------------------------------
    Largest T2 amplitudes for spin case AB:
           _       _                  _       _                  _       _           
       i   j   a   b              i   j   a   b              i   j   a   b           
    --------------------------------------------------------------------------------
    [ 10  16   2   5]-0.067989 [ 10  14   2   7]-0.067989 [  2   2   2   4]-0.065573 
    [ 10  10   7   7]-0.061775 [ 10  10   5   5]-0.061775 [  7  14   8  14]-0.057812 
    [  5  16   6  16]-0.057812 [  2  14   2  15]-0.056329 [  2  16   2  17]-0.056329 
    [  5  16   5  17]-0.054940 [  7  14   7  15]-0.054940 [ 16  16  16  17]-0.054048 
    [ 14  14  14  15]-0.054048 [  2  10   2  12] 0.053077 [  7  16   8  16]-0.050887 
    --------------------------------------------------------------------------------
    Norm of T2AB vector: (nonzero elements: 2608)                 0.672286899324850.
    --------------------------------------------------------------------------------
    Largest T2 amplitudes for spin case BB:
       _   _   _   _              _   _   _   _              _   _   _   _           
       i   j   a   b              i   j   a   b              i   j   a   b           
    --------------------------------------------------------------------------------
    [  2  14   2  15]-0.048882 [  2  16   2  17]-0.048882 [ 14  16  15  16]-0.047876 
    [ 14  16  14  17]-0.047876 [  7  16   8  16]-0.046270 [  5  14   6  14]-0.046270 
    [  5  14   5  15]-0.043419 [  7  16   7  17]-0.043419 [  2  10   2  11]-0.043058 
    [  2   7   2   8]-0.042244 [  2   5   2   6]-0.042244 [  2   5  12  16] 0.041109 
    [  2   7  12  14] 0.041109 [ 11  14  13  14]-0.037661 [ 11  16  13  16]-0.037661 
    --------------------------------------------------------------------------------
    Norm of T2BB vector: (nonzero elements: 2136)                 0.597966969555728.
    --------------------------------------------------------------------------------

  ==> Possible Intruders <==

    T1 amplitudes larger than 0.1000 for spin case A: NULL
    T1 amplitudes larger than 0.1000 for spin case B: NULL
    T2 amplitudes larger than 0.1000 for spin case AA: NULL
    T2 amplitudes larger than 0.1000 for spin case AB: NULL
    T2 amplitudes larger than 0.1000 for spin case BB: NULL
  =>** After self.dsrg_solver.compute_energy() **<=

  Semicanonical orbitals must be used!


  ==> Total Timings (s) for Computing Commutators <==

           [H1, T1]    [H1, T2]    [H2, T1]    [H2, T2]  
    -----------------------------------------------------
    -> C0       0.088       0.293       0.529       9.088
    -> C1       0.218       1.202       1.785      24.556
    -> C2                   5.305      11.618      51.741
    -----------------------------------------------------


  Time to prepare integrals:        0.174 seconds
  Time to run job          :      110.129 seconds
  Total                    :      110.303 seconds
